[0.007s] Invoking command in '/home/vpassamano-iit.local/bumperbot_ws/build/bumperbot_cpp_examples': DEBUGINFOD_URLS=https://debuginfod.ubuntu.com /usr/bin/cmake /home/vpassamano-iit.local/bumperbot_ws/src/bumperbot_cpp_examples -DCMAKE_INSTALL_PREFIX=/home/vpassamano-iit.local/bumperbot_ws/install/bumperbot_cpp_examples
[0.044s] -- The C compiler identification is GNU 13.2.0
[0.082s] -- The CXX compiler identification is GNU 13.2.0
[0.092s] -- Detecting C compiler ABI info
[0.150s] -- Detecting C compiler ABI info - done
[0.156s] -- Check for working C compiler: /usr/bin/cc - skipped
[0.157s] -- Detecting C compile features
[0.157s] -- Detecting C compile features - done
[0.163s] -- Detecting CXX compiler ABI info
[0.227s] -- Detecting CXX compiler ABI info - done
[0.235s] -- Check for working CXX compiler: /usr/bin/c++ - skipped
[0.235s] -- Detecting CXX compile features
[0.236s] -- Detecting CXX compile features - done
[0.237s] -- Found ament_cmake: 2.5.2 (/opt/ros/jazzy/share/ament_cmake/cmake)
[0.330s] -- Found Python3: /usr/bin/python3 (found version "3.12.3") found components: Interpreter 
[0.402s] -- Found rclcpp: 28.1.5 (/opt/ros/jazzy/share/rclcpp/cmake)
[0.425s] -- Found rosidl_generator_c: 4.6.4 (/opt/ros/jazzy/share/rosidl_generator_c/cmake)
[0.432s] -- Found rosidl_generator_cpp: 4.6.4 (/opt/ros/jazzy/share/rosidl_generator_cpp/cmake)
[0.442s] -- Using all available rosidl_typesupport_c: rosidl_typesupport_fastrtps_c;rosidl_typesupport_introspection_c
[0.452s] -- Using all available rosidl_typesupport_cpp: rosidl_typesupport_fastrtps_cpp;rosidl_typesupport_introspection_cpp
[0.498s] -- Found rmw_implementation_cmake: 7.3.1 (/opt/ros/jazzy/share/rmw_implementation_cmake/cmake)
[0.500s] -- Found rmw_fastrtps_cpp: 8.4.1 (/opt/ros/jazzy/share/rmw_fastrtps_cpp/cmake)
[0.547s] -- Found OpenSSL: /usr/lib/x86_64-linux-gnu/libcrypto.so (found version "3.0.13")  
[0.560s] -- Found FastRTPS: /opt/ros/jazzy/include (Required is at least version "2.13") 
[0.575s] -- Using RMW implementation 'rmw_fastrtps_cpp' as default
[0.622s] -- Found std_msgs: 5.3.5 (/opt/ros/jazzy/share/std_msgs/cmake)
[0.631s] -- Found ament_lint_auto: 0.17.1 (/opt/ros/jazzy/share/ament_lint_auto/cmake)
[0.679s] Error parsing '/home/vpassamano-iit.local/bumperbot_ws/src/bumperbot_cpp_examples/package.xml':
[1.293s] Traceback (most recent call last):
[1.293s]   File "/usr/lib/python3/dist-packages/catkin_pkg/package.py", line 610, in parse_package_string
[1.293s]     root = dom.parseString(data)
[1.293s]            ^^^^^^^^^^^^^^^^^^^^^
[1.293s]   File "/usr/lib/python3.12/xml/dom/minidom.py", line 2000, in parseString
[1.293s]     return expatbuilder.parseString(string)
[1.293s]            ^^^^^^^^^^^^^^^^^^^^^^^^^^^^^^^^
[1.293s]   File "/usr/lib/python3.12/xml/dom/expatbuilder.py", line 922, in parseString
[1.293s]     return builder.parseString(string)
[1.293s]            ^^^^^^^^^^^^^^^^^^^^^^^^^^^
[1.293s]   File "/usr/lib/python3.12/xml/dom/expatbuilder.py", line 220, in parseString
[1.294s]     parser.Parse(string, True)
[1.294s] xml.parsers.expat.ExpatError: mismatched tag: line 12, column 18
[1.294s] 
[1.294s] During handling of the above exception, another exception occurred:
[1.294s] 
[1.294s] Traceback (most recent call last):
[1.294s]   File "/opt/ros/jazzy/share/ament_cmake_core/cmake/core/package_xml_2_cmake.py", line 150, in <module>
[1.294s]     main()
[1.294s]   File "/opt/ros/jazzy/share/ament_cmake_core/cmake/core/package_xml_2_cmake.py", line 53, in main
[1.294s]     raise e
[1.294s]   File "/opt/ros/jazzy/share/ament_cmake_core/cmake/core/package_xml_2_cmake.py", line 49, in main
[1.294s]     package = parse_package_string(
[1.294s]               ^^^^^^^^^^^^^^^^^^^^^
[1.294s]   File "/usr/lib/python3/dist-packages/catkin_pkg/package.py", line 612, in parse_package_string
[1.294s]     raise InvalidPackage('The manifest contains invalid XML:\n%s' % ex, filename)
[1.294s] catkin_pkg.package.InvalidPackage: Error(s) in package '/home/vpassamano-iit.local/bumperbot_ws/src/bumperbot_cpp_examples/package.xml':
[1.294s] The manifest contains invalid XML:
[1.294s] mismatched tag: line 12, column 18
[1.315s] [31mCMake Error at /opt/ros/jazzy/share/ament_cmake_core/cmake/core/ament_package_xml.cmake:95 (message):
[1.315s]   execute_process(/usr/bin/python3
[1.315s]   /opt/ros/jazzy/share/ament_cmake_core/cmake/core/package_xml_2_cmake.py
[1.315s]   /home/vpassamano-iit.local/bumperbot_ws/src/bumperbot_cpp_examples/package.xml
[1.315s]   /home/vpassamano-iit.local/bumperbot_ws/build/bumperbot_cpp_examples/ament_cmake_core/package.cmake)
[1.316s]   returned error code 1
[1.316s] Call Stack (most recent call first):
[1.316s]   /opt/ros/jazzy/share/ament_cmake_core/cmake/core/ament_package_xml.cmake:49 (_ament_package_xml)
[1.316s]   /opt/ros/jazzy/share/ament_lint_auto/cmake/ament_lint_auto_find_test_dependencies.cmake:31 (ament_package_xml)
[1.316s]   CMakeLists.txt:24 (ament_lint_auto_find_test_dependencies)
[1.316s] 
[1.316s] [0m
[1.316s] -- Configuring incomplete, errors occurred!
[1.323s] Invoked command in '/home/vpassamano-iit.local/bumperbot_ws/build/bumperbot_cpp_examples' returned '1': DEBUGINFOD_URLS=https://debuginfod.ubuntu.com /usr/bin/cmake /home/vpassamano-iit.local/bumperbot_ws/src/bumperbot_cpp_examples -DCMAKE_INSTALL_PREFIX=/home/vpassamano-iit.local/bumperbot_ws/install/bumperbot_cpp_examples
